// Jest Snapshot v1, https://goo.gl/fbAQLP

exports[`<HomeScreen /> should render the page 1`] = `
.c0 {
  font-family: sans-serif;
}

<div>
  <section>
    <main>
      <h1
        class="c0"
      >
        Home screen!
      </h1>
      <p
        class="c0"
      >
        Testando a função sum do package utils - sum(157, 456): 
        613
      </p>
    </main>
  </section>
</div>
`;
